Snapshot 2026-07-26T18:27:27.588217 -- 38 entree(s) system_log

[2026-07-25T21:05:46.006656] ERROR    (homeassistant.setup) The 'downloader' integration does not support YAML setup, please remove it from your configuration  [src=setup.py:372, count=1]
[2026-07-25T21:05:47.339224] WARNING  (aiohue.util) Value {'points': [{'color': {'xy': {'x': 0.6188, 'y': 0.2731}}}, {'color': {'xy': {'x': 0.5177, 'y': 0.4388}}}, {'color': {'xy': {'x': 0.1556, 'y': 0.1391}}}, {'color': {'xy': {'x': 0.3019, 'y': 0.6009}}}, {'color': {'xy': {'x': 0.2009, 'y': 0.0707}}}], 'mode': 'random_pixelated', 'points_capable': 5, 'mode_values': ['interpolated_palette', 'interpolated_palette_mirrored', 'random_pixelated', 'segmented_palette'], 'pixel_count': 20} of type <class 'dict'> is invalid for Light.gradient, expected value of type aiohue.v2.models.feature.GradientFeature | None  [src=runner.py:289, count=1]
[2026-07-25T21:05:53.987163] ERROR    (homeassistant.components.binary_sensor) rpi_power: Error on device update!  [src=helpers/entity_platform.py:811, count=1]
[2026-07-25T21:06:02.541492] WARNING  (homeassistant.components.media_player) Platform songpal not ready yet; Retrying in background in 30 seconds  [src=helpers/entity_platform.py:470, count=1]
[2026-07-25T21:06:06.144617] WARNING  (pychromecast.dial) Failed to determine cast type for host <unknown> (<urlopen error [SSL: UNEXPECTED_EOF_WHILE_READING] EOF occurred in violation of protocol (_ssl.c:1081)>) (services:{MDNSServiceInfo(name='R410-c5484cd1bea0acff1d826da8c1d37269._googlecast._tcp.local.')})  [src=components/cast/helpers.py:72, count=1]
[2026-07-25T21:06:34.985712] WARNING  (homeassistant.bootstrap) Waiting for integrations to complete setup: {('huawei_solar', '01KYDA4KW74P4YXXPQZTFQHS2A'): 1165301.8209297}  [src=bootstrap.py:1000, count=1]
[2026-07-25T21:06:47.033488] WARNING  (homeassistant.components.sensor) Setup of sensor platform huawei_solar is taking over 10 seconds.  [src=runner.py:289, count=1]
[2026-07-25T21:07:35.705174] ERROR    (homeassistant.components.websocket_api.http.connection) [281472830154656] BG from 192.168.1.195 (Mozilla/5.0 (Windows NT 10.0; Win64; x64) AppleWebKit/537.36 (KHTML, like Gecko) Chrome/150.0.0.0 Safari/537.36 Edg/150.0.0.0): Client unable to keep up with pending messages. Reached 4096 pending messages. The system's load is too high or an integration is misbehaving; Last message was: b'{"type":"event","event":{"a":{"scene.ha_principalha_principalha_principalha_principalha_principalha_principalha_principalha_principalha_principalha_principalha_principalha_principalha_principalha_principalha_principalsalon_lecture":{"s":"unavailable","a":{"restored":true,"supported_features":0},"c":"01KYDASYWR4CSAREBN8X214RJS","lc":1785006455.704106}}},"id":21}'  [src=components/websocket_api/http.py:216, count=2]
[2026-07-25T21:07:35.842704] ERROR    (homeassistant.core) Error running job: <Job listen homeassistant_start HassJobType.Callback <function _async_setup_entity_restore.<locals>._write_unavailable_states at 0xffff94bd1430>>  [src=core.py:1540, count=1]
[2026-07-25T21:07:38.492460] WARNING  (homeassistant.components.homekit) The bridge Cabanon Live view has entity camera.terrasse_live_view. For best performance, and to prevent unexpected unavailability, create and pair a separate HomeKit instance in accessory mode for this entity  [src=components/homekit/__init__.py:745, count=2]
[2026-07-25T22:55:00.282350] WARNING  (homeassistant.util.loop) Detected blocking call to sleep with args (0.001,) inside the event loop by custom integration 'pyscript' at custom_components/pyscript/eval.py, line 2018: return func(*args, **kwargs) (offender: /usr/local/lib/python3.14/subprocess.py, line 2077: time.sleep(delay)), please create a bug report at https://github.com/custom-components/pyscript/issues
For developers, please see https://developers.home-assistant.io/docs/asyncio_blocking_operations/#sleep
Traceback (most recent call last):
  File "<frozen runpy>", line 198, in _run_module_as_main
  File "<frozen runpy>", line 88, in _run_code
  File "/usr/src/homeassistant/homeassistant/__main__.py", line 229, in <module>
    sys.exit(main())
  File "/usr/src/homeassistant/homeassistant/__main__.py", line 215, in main
    exit_code = runner.run(runtime_conf)
  File "/usr/src/homeassistant/homeassistant/runner.py", line 289, in run
    return loop.run_until_complete(setup_and_run_hass(runtime_config))
  File "/usr/local/lib/python3.14/asyncio/base_events.py", line 706, in run_until_complete
    self.run_forever()
  File "/usr/local/lib/python3.14/asyncio/base_events.py", line 677, in run_forever
    self._run_once()
  File "/usr/local/lib/python3.14/asyncio/base_events.py", line 2046, in _run_once
    handle._run()
  File "/usr/local/lib/python3.14/asyncio/events.py", line 94, in _run
    self._context.run(self._callback, *self._args)
  File "/config/custom_components/pyscript/function.py", line 448, in run_coro
    result = await coro
  File "/config/custom_components/pyscript/trigger.py", line 1395, in do_func_call
    await ast_ctx.call_func(func, None, **kwargs)
  File "/config/custom_components/pyscript/eval.py", line 1982, in call_func
    return await func.call(self, *args, **kwargs)
  File "/config/custom_components/pyscript/eval.py", line 806, in call
    val = await self.try_aeval(ast_ctx, arg1)
  File "/config/custom_components/pyscript/eval.py", line 706, in try_aeval
    return await ast_ctx.aeval(arg)
  File "/config/custom_components/pyscript/eval.py", line 946, in aeval
    val = await getattr(self, name, self.ast_not_implemented)(arg)
  File "/config/custom_components/pyscript/eval.py", line 1393, in ast_expr
    return await self.aeval(arg.value)
  File "/config/custom_components/pyscript/eval.py", line 946, in aeval
    val = await getattr(self, name, self.ast_not_implemented)(arg)
  File "/config/custom_components/pyscript/eval.py", line 1967, in ast_call
    return await self.call_func(func, func_name, *args, **kwargs)
  File "/config/custom_components/pyscript/eval.py", line 1982, in call_func
    return await func.call(self, *args, **kwargs)
  File "/config/custom_components/pyscript/eval.py", line 858, in call
    return await self.func.call(ast_ctx, *args, **kwargs)
  File "/config/custom_components/pyscript/eval.py", line 806, in call
    val = await self.try_aeval(ast_ctx, arg1)
  File "/config/custom_components/pyscript/eval.py", line 706, in try_aeval
    return await ast_ctx.aeval(arg)
  File "/config/custom_components/pyscript/eval.py", line 946, in aeval
    val = await getattr(self, name, self.ast_not_implemented)(arg)
  File "/config/custom_components/pyscript/eval.py", line 1250, in ast_try
    val = await self.aeval(arg1)
  File "/config/custom_components/pyscript/eval.py", line 946, in aeval
    val = await getattr(self, name, self.ast_not_implemented)(arg)
  File "/config/custom_components/pyscript/eval.py", line 1058, in ast_for
    val = await self.aeval(arg1)
  File "/config/custom_components/pyscript/eval.py", line 946, in aeval
    val = await getattr(self, name, self.ast_not_implemented)(arg)
  File "/config/custom_components/pyscript/eval.py", line 1494, in ast_assign
    rhs = await self.aeval(arg.value)
  File "/config/custom_components/pyscript/eval.py", line 946, in aeval
    val = await getattr(self, name, self.ast_not_implemented)(arg)
  File "/config/custom_components/pyscript/eval.py", line 1967, in ast_call
    return await self.call_func(func, func_name, *args, **kwargs)
  File "/config/custom_components/pyscript/eval.py", line 1982, in call_func
    return await func.call(self, *args, **kwargs)
  File "/config/custom_components/pyscript/eval.py", line 858, in call
    return await self.func.call(ast_ctx, *args, **kwargs)
  File "/config/custom_components/pyscript/eval.py", line 806, in call
    val = await self.try_aeval(ast_ctx, arg1)
  File "/config/custom_components/pyscript/eval.py", line 706, in try_aeval
    return await ast_ctx.aeval(arg)
  File "/config/custom_components/pyscript/eval.py", line 946, in aeval
    val = await getattr(self, name, self.ast_not_implemented)(arg)
  File "/config/custom_components/pyscript/eval.py", line 1250, in ast_try
    val = await self.aeval(arg1)
  File "/config/custom_components/pyscript/eval.py", line 946, in aeval
    val = await getattr(self, name, self.ast_not_implemented)(arg)
  File "/config/custom_components/pyscript/eval.py", line 1494, in ast_assign
    rhs = await self.aeval(arg.value)
  File "/config/custom_components/pyscript/eval.py", line 946, in aeval
    val = await getattr(self, name, self.ast_not_implemented)(arg)
  File "/config/custom_components/pyscript/eval.py", line 1967, in ast_call
    return await self.call_func(func, func_name, *args, **kwargs)
  File "/config/custom_components/pyscript/eval.py", line 2018, in call_func
    return func(*args, **kwargs)
  [src=util/loop.py:137, count=1]
[2026-07-25T23:00:00.478900] ERROR    (homeassistant.core) Error executing service: <ServiceCall telegram_bot.send_message (c:01KYDH7S4BTEE9HDD0T51C8JFV): target=[7332342681], message=📊 *Résumé Watchdog* — 25.07.2026 23:00

❌ *WireGuard → ha-slave*
  État: `down` | 25.07.2026 23:00:00
  handshake=KO (erreur supervisor: Caught blocking call to sleep with args (0.001,) inside the event loop by custom integration 'pyscript' at custom_components/pyscript/eval.py, line 2018: return func(*args, **kwargs). (offender: /usr/local/lib/python3.14/subprocess.py, line 2077: time.sleep(delay)), please create a bug report at https://github.com/custom-components/pyscript/issues
For developers, please see https://developers.home-assistant.io/docs/asyncio_blocking_operations/#sleep) | transfer=KO (erreur supervisor: Caught blocking call to sleep with args (0.001,) inside the event loop by custom integration 'pyscript' at custom_components/pyscript/eval.py, line 2018: return func(*args, **kwargs). (offender: /usr/local/lib/python3.14/subprocess.py, line 2077: time.sleep(delay)), please create a bug report at https://github.com/custom-components/pyscript/issues
For developers, please see https://developers.home-assistant.io/docs/asyncio_blocking_operations/#sleep)

⚠️ Problème(s) détecté(s)>  [src=core.py:2837, count=1]
[2026-07-26T04:12:39.687239] ERROR    (pychromecast.socket_client) [TV-Box 1(192.168.1.131):8009] Error reading from socket: socket connection broken  [src=/usr/local/lib/python3.14/site-packages/pychromecast/socket_client.py:624, count=1]
[2026-07-26T04:12:39.704985] ERROR    (pychromecast.socket_client) [R410-69299c(192.168.1.103):8009] Failed to connect to service MDNSServiceInfo(name='R410-c5484cd1bea0acff1d826da8c1d37269._googlecast._tcp.local.'), retrying in 5.0s  [src=/usr/local/lib/python3.14/site-packages/pychromecast/socket_client.py:416, count=3]
[2026-07-26T07:31:53.816343] ERROR    (frontend.js.modern.202603040) Uncaught error from Mobile Safari 26.5.2 on iOS 18.7
Script error.
null
@:0:0  [src=components/system_log/__init__.py:331, count=1]
[2026-07-26T07:57:58.658520] WARNING  (homeassistant.loader) We found a custom integration hacs which has not been tested by Home Assistant. This component might cause stability problems, be sure to disable it if you experience issues with Home Assistant  [src=loader.py:700, count=15]
[2026-07-26T07:59:25.119300] WARNING  (custom_components.fusionsolarplus.config_flow) FusionSolarPlus: Unexpected error during authentication: 404 Client Error: Not Found for url: https://eu5.fusionsolar.huawei.com/rest/dpcloud/auth/v1/is-session-alive  [src=custom_components/fusionsolarplus/config_flow.py:93, count=1]
[2026-07-26T08:02:28.210406] WARNING  (custom_components.fusionsolarplus.config_flow) FusionSolarPlus: Invalid authentication credentials - Invalid response received. Please check the correct Huawei subdomain.  [src=custom_components/fusionsolarplus/config_flow.py:81, count=3]
[2026-07-26T10:48:35.755128] WARNING  (homeassistant.components.http.ban) Login attempt or request with invalid authentication from fe80::cc1:fe6c:ad6a:152b (fe80::cc1:fe6c:ad6a:152b). Requested URL: '/api/websocket'. (Mozilla/5.0 (iPhone; CPU iPhone OS 18_7 like Mac OS X) AppleWebKit/605.1.15 (KHTML, like Gecko) Home Assistant/2026.7.1 (io.robbie.HomeAssistant; build:2026.2346; iOS 26.5.2) Mobile/HomeAssistant, like Safari)  [src=components/http/ban.py:136, count=258]
[2026-07-26T16:58:19.142562] ERROR    (custom_components.huawei_solar.update_coordinator) Error fetching HV2320852536_optimizer_data_update_coordinator data: Could not update HV2320852536 optimizer values: Failed to read file 0x44: received IllegalDataValueError  [src=helpers/update_coordinator.py:497, count=2]
[2026-07-26T18:00:06.725690] WARNING  (homeassistant.helpers.entity) Updating state for sun.sun (<class 'homeassistant.components.sun.entity.Sun'>) took 0.442 seconds. Please create a bug report at https://github.com/home-assistant/core/issues?q=is%3Aopen+is%3Aissue+label%3A%22integration%3A+sun%22  [src=helpers/entity.py:1214, count=1]
[2026-07-26T18:01:09.576417] WARNING  (homeassistant.components.mqtt.client) Error returned from MQTT server: The connection was lost.  [src=components/mqtt/client.py:1271, count=1]
[2026-07-26T18:01:10.082076] WARNING  (homeassistant.helpers.service) Referenced entities input_number.body_energy_bastien are missing or not currently available  [src=helpers/target.py:143, count=14]
[2026-07-26T18:01:10.130970] WARNING  (homeassistant.components.media_player) Updating linkplay media_player took longer than the scheduled update interval 0:00:05  [src=helpers/entity_platform.py:1114, count=4]
[2026-07-26T18:01:10.214657] WARNING  (homeassistant.helpers.entity) Update of media_player.wiim_amp_0fb8 is taking over 10 seconds  [src=helpers/entity.py:1297, count=2]
[2026-07-26T18:01:10.914208] ERROR    (homeassistant.components.ring.coordinator) Error fetching devices data: Timeout communicating with Ring API  [src=helpers/update_coordinator.py:497, count=1]
[2026-07-26T18:01:15.262965] ERROR    (firebase_messaging.fcmpushclient) Unexpected exception during read
  [src=/usr/local/lib/python3.14/site-packages/firebase_messaging/fcmpushclient.py:717, count=1]
[2026-07-26T18:01:15.446003] WARNING  (homeassistant.components.hassio) Can't read Supervisor data:   [src=components/hassio/__init__.py:471, count=1]
[2026-07-26T18:01:15.703660] ERROR    (homeassistant.components.websocket_api.http.connection) [281471917653376] from 192.168.1.166 (Mozilla/5.0 (iPhone; CPU iPhone OS 18_7 like Mac OS X) AppleWebKit/605.1.15 (KHTML, like Gecko) Home Assistant/2026.7.1 (io.robbie.HomeAssistant; build:2026.2346; iOS 26.5.2) Mobile/HomeAssistant, like Safari): Unexpected error inside websocket API  [src=components/websocket_api/http.py:351, count=3]
[2026-07-26T18:01:15.970484] ERROR    (homeassistant.components.hassio.handler) Timeout on /info request  [src=components/hassio/handler.py:252, count=2]
[2026-07-26T18:01:16.143735] ERROR    (homeassistant.helpers.entity) Update for select.wiim_amp_0fb8_audio_output_hardware_mode fails  [src=helpers/entity.py:955, count=2]
[2026-07-26T18:01:22.927579] WARNING  (tmodbus.transport.async_tcp) Received unexpected response with Transaction ID: 12913. Discarding bytes: 32 71 00 00 00 3B 01 03 38 03 E8 00 00 00 02 1E BC 00 00 00 00 00 05 00 00 4E 20 00 00 4E 20 00 00 4E 20 00 00 4E 20 00 00 00 00 00 00 00 00 00 00 02 BB 43 86 00 18 72 23 00 00 05 C9 00 00 03 30  [src=runner.py:289, count=6]
[2026-07-26T18:01:23.422011] ERROR    (custom_components.huawei_solar) Error fetching HV2320852536_data_update_coordinator data: Timeout communicating with HV2320852536: the device did not respond in time  [src=helpers/update_coordinator.py:497, count=15]
[2026-07-26T18:10:00.343406] WARNING  (custom_components.pyscript.file.wireguard_watchdog.wireguard_ha_slave_check) ⚠ tentative 1/9 KO | handshake=KO (erreur supervisor: Caught blocking call to sleep with args (0.001,) inside the event loop by custom integration 'pyscript' at custom_components/pyscript/eval.py, line 2018: return func(*args, **kwargs). (offender: /usr/local/lib/python3.14/subprocess.py, line 2077: time.sleep(delay)), please create a bug report at https://github.com/custom-components/pyscript/issues
For developers, please see https://developers.home-assistant.io/docs/asyncio_blocking_operations/#sleep) | transfer=KO (erreur supervisor: Caught blocking call to sleep with args (0.001,) inside the event loop by custom integration 'pyscript' at custom_components/pyscript/eval.py, line 2018: return func(*args, **kwargs). (offender: /usr/local/lib/python3.14/subprocess.py, line 2077: time.sleep(delay)), please create a bug report at https://github.com/custom-components/pyscript/issues
For developers, please see https://developers.home-assistant.io/docs/asyncio_blocking_operations/#sleep)  [src=custom_components/pyscript/eval.py:2018, count=24]
[2026-07-26T18:26:21.155180] ERROR    (custom_components.pyscript.file.bootstrap) Exception in </config/pyscript/bootstrap.py> line 15:
    from github_sync.pull import *
    ^
ModuleNotFoundError: No module named 'github_sync'
Traceback (most recent call last):
  File "/config/custom_components/pyscript/eval.py", line 946, in aeval
    val = await getattr(self, name, self.ast_not_implemented)(arg)
          ^^^^^^^^^^^^^^^^^^^^^^^^^^^^^^^^^^^^^^^^^^^^^^^^^^^^^^^^
  File "/config/custom_components/pyscript/eval.py", line 1027, in ast_importfrom
    mod = await Function.hass.async_add_executor_job(importlib.import_module, arg.module)
          ^^^^^^^^^^^^^^^^^^^^^^^^^^^^^^^^^^^^^^^^^^^^^^^^^^^^^^^^^^^^^^^^^^^^^^^^^^^^^^^
  File "/usr/local/lib/python3.14/concurrent/futures/thread.py", line 86, in run
    result = ctx.run(self.task)
  File "/usr/local/lib/python3.14/concurrent/futures/thread.py", line 73, in run
    return fn(*args, **kwargs)
  File "/usr/src/homeassistant/homeassistant/util/loop.py", line 201, in protected_loop_func
    return func(*args, **kwargs)
  File "/usr/local/lib/python3.14/importlib/__init__.py", line 88, in import_module
    return _bootstrap._gcd_import(name[level:], package, level)
           ~~~~~~~~~~~~~~~~~~~~~~^^^^^^^^^^^^^^^^^^^^^^^^^^^^^^
  File "<frozen importlib._bootstrap>", line 1398, in _gcd_import
  File "<frozen importlib._bootstrap>", line 1371, in _find_and_load
  File "<frozen importlib._bootstrap>", line 1314, in _find_and_load_unlocked
  File "<frozen importlib._bootstrap>", line 491, in _call_with_frames_removed
  File "<frozen importlib._bootstrap>", line 1398, in _gcd_import
  File "<frozen importlib._bootstrap>", line 1371, in _find_and_load
  File "<frozen importlib._bootstrap>", line 1335, in _find_and_load_unlocked
ModuleNotFoundError: No module named 'github_sync'
  [src=custom_components/pyscript/global_ctx.py:341, count=21]
[2026-07-26T18:26:39.981048] WARNING  (homeassistant.components.media_player) Setup of media_player platform songpal is taking over 10 seconds.  [src=runner.py:289, count=406]
[2026-07-26T18:26:39.984044] WARNING  (homeassistant.components.songpal.media_player) [HT-ST5000 058ED6(http://192.168.68.124:10000/sony)] Unable to connect  [src=components/songpal/media_player.py:77, count=406]
[2026-07-26T18:27:00.219350] ERROR    (custom_components.pyscript.file.fusionsolar.auto_update) [FusionSolar] 200, message='Attempt to decode JSON with unexpected mimetype: text/html;charset=utf-8', url='https://eu5.fusionsolar.huawei.com/unisso/login.action'  [src=custom_components/pyscript/eval.py:2018, count=1275]
